$ /opt/nvm/versions/node/v22.16.0/bin/node --test checks/regressoes_A01_A06.test.cjs
exit=1 elapsed_wall_s=0.33603

TAP version 13
# Subtest: A01: descoberta considera transferencia verificada de 900m dentro de 2km
not ok 1 - A01: descoberta considera transferencia verificada de 900m dentro de 2km
  ---
  duration_ms: 7.151403
  type: 'test'
  location: '/tmp/ballina-stage0-y1b802a_/checks/regressoes_A01_A06.test.cjs:37:1'
  failureType: 'testCodeFailure'
  error: 'o provedor deve ser consultado para esta baldeacao'
  code: 'ERR_ASSERTION'
  name: 'AssertionError'
  expected: true
  actual: false
  operator: '=='
  stack: |-
    TestContext.<anonymous> (/tmp/ballina-stage0-y1b802a_/checks/regressoes_A01_A06.test.cjs:40:10)
    async Test.run (node:internal/test_runner/test:1054:7)
    async startSubtestAfterBootstrap (node:internal/test_runner/harness:296:3)
  ...
# Subtest: A02: opcao rapida mas inviavel nao elimina opcao mais lenta e curta
not ok 2 - A02: opcao rapida mas inviavel nao elimina opcao mais lenta e curta
  ---
  duration_ms: 0.83873
  type: 'test'
  location: '/tmp/ballina-stage0-y1b802a_/checks/regressoes_A01_A06.test.cjs:44:1'
  failureType: 'testCodeFailure'
  error: |-
    Expected values to be strictly equal:
    
    0 !== 1
    
  code: 'ERR_ASSERTION'
  name: 'AssertionError'
  expected: 1
  actual: 0
  operator: 'strictEqual'
  stack: |-
    TestContext.<anonymous> (/tmp/ballina-stage0-y1b802a_/checks/regressoes_A01_A06.test.cjs:53:10)
    Test.runInAsyncScope (node:async_hooks:214:14)
    Test.run (node:internal/test_runner/test:1047:25)
    Test.processPendingSubtests (node:internal/test_runner/test:744:18)
    Test.postRun (node:internal/test_runner/test:1173:19)
    Test.run (node:internal/test_runner/test:1101:12)
    async startSubtestAfterBootstrap (node:internal/test_runner/harness:296:3)
  ...
# Subtest: A03: aborto de request encerra leitura pendente de corpo sem fechar manualmente stream
not ok 3 - A03: aborto de request encerra leitura pendente de corpo sem fechar manualmente stream
  ---
  duration_ms: 227.522701
  type: 'test'
  location: '/tmp/ballina-stage0-y1b802a_/checks/regressoes_A01_A06.test.cjs:56:1'
  failureType: 'testCodeFailure'
  error: |-
    reader continuou pendente apos req.signal abort
    
    false !== true
    
  code: 'ERR_ASSERTION'
  name: 'AssertionError'
  expected: true
  actual: false
  operator: 'strictEqual'
  stack: |-
    TestContext.<anonymous> (/tmp/ballina-stage0-y1b802a_/checks/regressoes_A01_A06.test.cjs:68:10)
    async Test.run (node:internal/test_runner/test:1054:7)
    async Test.processPendingSubtests (node:internal/test_runner/test:744:7)
  ...
# Subtest: A04: rejeita XML de raiz com case ou QName de fechamento incompatível
not ok 4 - A04: rejeita XML de raiz com case ou QName de fechamento incompatível
  ---
  duration_ms: 4.049574
  type: 'test'
  location: '/tmp/ballina-stage0-y1b802a_/checks/regressoes_A01_A06.test.cjs:74:1'
  failureType: 'testCodeFailure'
  error: 'Missing expected exception.'
  code: 'ERR_ASSERTION'
  name: 'AssertionError'
  operator: 'throws'
  stack: |-
    TestContext.<anonymous> (/tmp/ballina-stage0-y1b802a_/checks/regressoes_A01_A06.test.cjs:76:10)
    Test.runInAsyncScope (node:async_hooks:214:14)
    Test.run (node:internal/test_runner/test:1047:25)
    Test.processPendingSubtests (node:internal/test_runner/test:744:18)
    Test.postRun (node:internal/test_runner/test:1173:19)
    Test.run (node:internal/test_runner/test:1101:12)
    async Test.processPendingSubtests (node:internal/test_runner/test:744:7)
  ...
# Subtest: A05: rejeita atributo sem aspas e atributo duplicado
not ok 5 - A05: rejeita atributo sem aspas e atributo duplicado
  ---
  duration_ms: 0.445029
  type: 'test'
  location: '/tmp/ballina-stage0-y1b802a_/checks/regressoes_A01_A06.test.cjs:80:1'
  failureType: 'testCodeFailure'
  error: 'Missing expected exception.'
  code: 'ERR_ASSERTION'
  name: 'AssertionError'
  operator: 'throws'
  stack: |-
    TestContext.<anonymous> (/tmp/ballina-stage0-y1b802a_/checks/regressoes_A01_A06.test.cjs:82:10)
    Test.runInAsyncScope (node:async_hooks:214:14)
    Test.run (node:internal/test_runner/test:1047:25)
    Test.processPendingSubtests (node:internal/test_runner/test:744:18)
    Test.postRun (node:internal/test_runner/test:1173:19)
    Test.run (node:internal/test_runner/test:1101:12)
    async Test.processPendingSubtests (node:internal/test_runner/test:744:7)
  ...
# Subtest: A06: rota GTFS ferry (4) nunca pode ser publicada com mode bus
not ok 6 - A06: rota GTFS ferry (4) nunca pode ser publicada com mode bus
  ---
  duration_ms: 0.43898
  type: 'test'
  location: '/tmp/ballina-stage0-y1b802a_/checks/regressoes_A01_A06.test.cjs:86:1'
  failureType: 'testCodeFailure'
  error: 'ferry foi reclassificada silenciosamente como bus'
  code: 'ERR_ASSERTION'
  name: 'AssertionError'
  expected: 'bus'
  actual: 'bus'
  operator: 'notStrictEqual'
  stack: |-
    TestContext.<anonymous> (/tmp/ballina-stage0-y1b802a_/checks/regressoes_A01_A06.test.cjs:89:10)
    Test.runInAsyncScope (node:async_hooks:214:14)
    Test.run (node:internal/test_runner/test:1047:25)
    Test.processPendingSubtests (node:internal/test_runner/test:744:18)
    Test.postRun (node:internal/test_runner/test:1173:19)
    Test.run (node:internal/test_runner/test:1101:12)
    async Test.processPendingSubtests (node:internal/test_runner/test:744:7)
  ...
1..6
# tests 6
# suites 0
# pass 0
# fail 6
# cancelled 0
# skipped 0
# todo 0
# duration_ms 301.287531
